// Jest Snapshot v1, https://goo.gl/fbAQLP

exports[`Show statuses of resource's saving 1`] = `
Array [
  "This local resources has been successful saved:",
  "+ http://www.test.ru/assets/style.css",
  "+ http://www.test.ru/assets/script.js",
  undefined,
]
`;

exports[`Show statuses of resource's saving 2`] = `
Array [
  "This local resources hasn't been saved:",
  "- http://www.test.ru/assets/img.jpg",
  "Reason: Something wrong",
]
`;
