// Jest Snapshot v1, https://goo.gl/fbAQLP

exports[`A failed download of web-page caused status code 404 1`] = `"Request failed with status code 404"`;

exports[`A failed download of web-page caused wrong dirname for save 1`] = `"ENOENT: no such file or directory, mkdir '/wrong-dir-name/123/www-my-test-999-com-my-page_files'"`;

exports[`A failed download of web-page caused wrong dirname for save 2`] = `"ENOENT: no such file or directory, scandir '/wrong-dir-name/123'"`;
